// Jest Snapshot v1, https://goo.gl/fbAQLP

exports[`configuration 1`] = `
"concurrent = 10
check_interval = 0

[[runners]]
name = \\"gitlab-runner\\"
url = \\"https://gitlab.com\\"
limit = 10
output_limit = 52_428_800
token = \\"foo+bar\\"

  [runners.docker]
  tls_verify = false
  image = \\"docker:19.03.5\\"
  privileged = true
  cap_add = [ \\"CAP_SYS_ADMIN\\" ]
  wait_for_services_timeout = 300
  disable_cache = false
  volumes = [ \\"/certs/client\\", \\"/cache\\" ]
  shm_size = 0

  [runners.machine]
  IdleCount = 0
  IdleTime = 300
  MaxBuilds = 20
  MachineDriver = \\"amazonec2\\"
  MachineName = \\"gitlab-runner\\"
  autoscaling = [ ]
"
`;
