// Jest Snapshot v1, https://goo.gl/fbAQLP

exports[`ConfigurationMapper Should map snapshot with defaults 1`] = `
"concurrent = 10
check_interval = 0
log_format = \\"runner\\"
log_level = \\"info\\"

[[runners]]
name = \\"gitlab-runner\\"
url = \\"https://gitlab.com\\"
limit = 10
output_limit = 52_428_800
executor = \\"docker+machine\\"
environment = [ \\"DOCKER_DRIVER=overlay2\\", \\"DOCKER_TLS_CERTDIR=/certs\\" ]
token = \\"foo+bar\\"

  [runners.docker]
  tls_verify = false
  image = \\"docker:19.03.5\\"
  privileged = true
  cap_add = [ \\"CAP_SYS_ADMIN\\" ]
  wait_for_services_timeout = 300
  disable_cache = false
  volumes = [ \\"/certs/client\\", \\"/cache\\" ]
  shm_size = 0

  [runners.machine]
  IdleCount = 0
  IdleTime = 300
  MaxBuilds = 20
  MachineDriver = \\"amazonec2\\"
  MachineName = \\"gitlab-runner-%s\\"
  MachineOptions = [
  \\"amazonec2-request-spot-instance=true\\",
  \\"amazonec2-spot-price=0.03\\"
]

    [[runners.machine.autoscaling]]
    Periods = [ \\"* * 7-22 * * mon-fri *\\" ]
    IdleCount = 1
    IdleTime = 1_800
    Timezone = \\"Etc/UTC\\"

  [runners.cache]
  Type = \\"s3\\"
  Shared = true

    [runners.cache.s3]
    ServerAddress = \\"s3.amazonaws.com\\"
    BucketName = \\"gitlab-runner-cahe-bucket-test-us-east-1\\"
    BucketLocation = \\"us-east-1\\"
    AccessKey = \\"AKIAIOSFODNN7EXAMPLE\\"
    SecretKey = \\"wJalrXUtnFEMI/K7MDENG/bPxRfiCYEXAMPLEKEY\\"
"
`;
